
> HabitoFlow@0.0.1 dev
> npm run web


> HabitoFlow@0.0.1 web
> webpack serve --config webpack.config.js

<i> [webpack-dev-server] Project is running at:
<i> [webpack-dev-server] Loopback: http://localhost:8080/, http://[::1]:8080/
<i> [webpack-dev-server] On Your Network (IPv4): http://172.18.125.171:8080/
<i> [webpack-dev-server] Content not from webpack is served from '/mnt/c/codigos/pesquisarpp/habitoflow/public' directory
<i> [webpack-dev-middleware] wait until bundle finished: /
<i> [webpack-dev-middleware] wait until bundle finished: /
assets by path assets/*.png 2.7 KiB
  asset assets/search-icon.png 928 bytes [emitted] [from: node_modules/@react-navigation/elements/lib/module/assets/search-icon.png] (auxiliary name: main)
  asset assets/back-icon-mask.png 653 bytes [emitted] [from: node_modules/@react-navigation/elements/lib/module/assets/back-icon-mask.png] (auxiliary name: main)
  asset assets/clear-icon.png 645 bytes [emitted] [from: node_modules/@react-navigation/elements/lib/module/assets/clear-icon.png] (auxiliary name: main)
  asset assets/close-icon.png 332 bytes [emitted] [from: node_modules/@react-navigation/elements/lib/module/assets/close-icon.png] (auxiliary name: main)
  asset assets/back-icon.png 207 bytes [emitted] [from: node_modules/@react-navigation/elements/lib/module/assets/back-icon.png] (auxiliary name: main)
asset bundle.js 3.56 MiB [emitted] (name: main)
asset index.html 5.29 KiB [emitted]
runtime modules 27.5 KiB 13 modules
orphan modules 3.59 KiB [orphan] 5 modules
modules by path ./node_modules/ 2.6 MiB 498 modules
modules by path ./src/ 193 KiB
  modules by path ./src/mocks/*.ts 34.4 KiB 7 modules
  modules by path ./src/screens/*.tsx 96.3 KiB 5 modules
  modules by path ./src/services/*.ts 39.5 KiB 3 modules
  modules by path ./src/components/*.tsx 14.2 KiB
    ./src/components/ConfettiCelebration.tsx 3.97 KiB [built] [code generated]
    ./src/components/HabitCalendar.tsx 10.3 KiB [built] [code generated]
  ./src/navigation/AppNavigator.tsx 3.31 KiB [built] [code generated]
  ./src/contexts/ThemeContext.tsx 4.89 KiB [built] [code generated]
./index.web.js 439 bytes [built] [code generated]
./App.tsx 4.05 KiB [built] [code generated]
./app.json 58 bytes [built] [code generated]

ERROR in ./node_modules/react-native-swipe-list-view/components/SwipeListView.js 198:16
Module parse failed: Unexpected token (198:16)
You may need an appropriate loader to handle this file type, currently no loaders are configured to process this file. See https://webpack.js.org/concepts#loaders
|         } else {
|             return (
>                 <SwipeRow
|                     onSwipeValueChange={
|                         this.props.onSwipeValueChange
 @ ./node_modules/react-native-swipe-list-view/lib/index.js 1:0-56 4:0-35
 @ ./src/screens/HomeScreenV3.tsx 1:1971-2010
 @ ./src/navigation/AppNavigator.tsx 1:529-563
 @ ./App.tsx 1:982-1022
 @ ./index.web.js 1:209-225

ERROR in ./node_modules/react-native-swipe-list-view/components/SwipeRow.js 609:12
Module parse failed: Unexpected token (609:12)
You may need an appropriate loader to handle this file type, currently no loaders are configured to process this file. See https://webpack.js.org/concepts#loaders
| 
|         return (
>             <TouchableOpacity
|                 activeOpacity={1}
|                 onPress={this.combinedOnPress}
 @ ./node_modules/react-native-swipe-list-view/lib/index.js 2:0-46 4:0-35
 @ ./src/screens/HomeScreenV3.tsx 1:1971-2010
 @ ./src/navigation/AppNavigator.tsx 1:529-563
 @ ./App.tsx 1:982-1022
 @ ./index.web.js 1:209-225

ERROR in ./node_modules/@react-navigation/core/lib/module/useNavigationBuilder.js 24:0-72
Module not found: Error: Can't resolve './useIsomorphicLayoutEffect' in '/mnt/c/codigos/pesquisarpp/habitoflow/node_modules/@react-navigation/core/lib/module'
Did you mean 'useIsomorphicLayoutEffect.js'?
BREAKING CHANGE: The request './useIsomorphicLayoutEffect' failed to resolve only because it was resolved as fully specified
(probably because the origin is strict EcmaScript Module, e. g. a module with javascript mimetype, a '*.mjs' file, or a '*.js' file where the package.json contains '"type": "module"').
The extension in the request is mandatory for it to be fully specified.
Add the extension to the request.
 @ ./node_modules/@react-navigation/core/lib/module/index.js 27:0-65 27:0-65
 @ ./node_modules/@react-navigation/native/lib/module/index.js 18:0-39 18:0-39
 @ ./src/navigation/AppNavigator.tsx 1:230-265
 @ ./App.tsx 1:982-1022
 @ ./index.web.js 1:209-225

ERROR in ./node_modules/@react-navigation/core/lib/module/useScheduleUpdate.js 5:0-72
Module not found: Error: Can't resolve './useIsomorphicLayoutEffect' in '/mnt/c/codigos/pesquisarpp/habitoflow/node_modules/@react-navigation/core/lib/module'
Did you mean 'useIsomorphicLayoutEffect.js'?
BREAKING CHANGE: The request './useIsomorphicLayoutEffect' failed to resolve only because it was resolved as fully specified
(probably because the origin is strict EcmaScript Module, e. g. a module with javascript mimetype, a '*.mjs' file, or a '*.js' file where the package.json contains '"type": "module"').
The extension in the request is mandatory for it to be fully specified.
Add the extension to the request.
 @ ./node_modules/@react-navigation/core/lib/module/useNavigationBuilder.js 32:0-59 318:2-19
 @ ./node_modules/@react-navigation/core/lib/module/index.js 27:0-65 27:0-65
 @ ./node_modules/@react-navigation/native/lib/module/index.js 18:0-39 18:0-39
 @ ./src/navigation/AppNavigator.tsx 1:230-265
 @ ./App.tsx 1:982-1022
 @ ./index.web.js 1:209-225

ERROR in ./node_modules/@react-navigation/elements/lib/module/Header/HeaderBackButton.js 8:0-43
Module not found: Error: Can't resolve '../MaskedView' in '/mnt/c/codigos/pesquisarpp/habitoflow/node_modules/@react-navigation/elements/lib/module/Header'
Did you mean 'MaskedView.js'?
BREAKING CHANGE: The request '../MaskedView' failed to resolve only because it was resolved as fully specified
(probably because the origin is strict EcmaScript Module, e. g. a module with javascript mimetype, a '*.mjs' file, or a '*.js' file where the package.json contains '"type": "module"').
The extension in the request is mandatory for it to be fully specified.
Add the extension to the request.
 @ ./node_modules/@react-navigation/elements/lib/module/index.js 14:0-64 14:0-64
 @ ./node_modules/@react-navigation/bottom-tabs/lib/module/views/BottomTabView.js 3:0-100 124:21-64 130:9-53 163:28-50 189:34-40 192:19-33 227:40-46
 @ ./node_modules/@react-navigation/bottom-tabs/lib/module/index.js 21:0-57 21:0-57
 @ ./src/navigation/AppNavigator.tsx 1:282-322
 @ ./App.tsx 1:982-1022
 @ ./index.web.js 1:209-225

ERROR in ./node_modules/@react-navigation/native/lib/module/NavigationContainer.js 11:0-48
Module not found: Error: Can't resolve './useBackButton' in '/mnt/c/codigos/pesquisarpp/habitoflow/node_modules/@react-navigation/native/lib/module'
Did you mean 'useBackButton.js'?
BREAKING CHANGE: The request './useBackButton' failed to resolve only because it was resolved as fully specified
(probably because the origin is strict EcmaScript Module, e. g. a module with javascript mimetype, a '*.mjs' file, or a '*.js' file where the package.json contains '"type": "module"').
The extension in the request is mandatory for it to be fully specified.
Add the extension to the request.
 @ ./node_modules/@react-navigation/native/lib/module/index.js 7:0-63 7:0-63
 @ ./src/navigation/AppNavigator.tsx 1:230-265
 @ ./App.tsx 1:982-1022
 @ ./index.web.js 1:209-225

ERROR in ./node_modules/@react-navigation/native/lib/module/NavigationContainer.js 12:0-54
Module not found: Error: Can't resolve './useDocumentTitle' in '/mnt/c/codigos/pesquisarpp/habitoflow/node_modules/@react-navigation/native/lib/module'
Did you mean 'useDocumentTitle.js'?
BREAKING CHANGE: The request './useDocumentTitle' failed to resolve only because it was resolved as fully specified
(probably because the origin is strict EcmaScript Module, e. g. a module with javascript mimetype, a '*.mjs' file, or a '*.js' file where the package.json contains '"type": "module"').
The extension in the request is mandatory for it to be fully specified.
Add the extension to the request.
 @ ./node_modules/@react-navigation/native/lib/module/index.js 7:0-63 7:0-63
 @ ./src/navigation/AppNavigator.tsx 1:230-265
 @ ./App.tsx 1:982-1022
 @ ./index.web.js 1:209-225

ERROR in ./node_modules/@react-navigation/native/lib/module/NavigationContainer.js 13:0-42
Module not found: Error: Can't resolve './useLinking' in '/mnt/c/codigos/pesquisarpp/habitoflow/node_modules/@react-navigation/native/lib/module'
Did you mean 'useLinking.js'?
BREAKING CHANGE: The request './useLinking' failed to resolve only because it was resolved as fully specified
(probably because the origin is strict EcmaScript Module, e. g. a module with javascript mimetype, a '*.mjs' file, or a '*.js' file where the package.json contains '"type": "module"').
The extension in the request is mandatory for it to be fully specified.
Add the extension to the request.
 @ ./node_modules/@react-navigation/native/lib/module/index.js 7:0-63 7:0-63
 @ ./src/navigation/AppNavigator.tsx 1:230-265
 @ ./App.tsx 1:982-1022
 @ ./index.web.js 1:209-225

ERROR in Child compilation failed:
Module build failed (from ./node_modules/html-webpack-plugin/lib/loader.js):
Error: Cannot find module './_shortOut'
Require stack:
- /mnt/c/codigos/pesquisarpp/habitoflow/node_modules/lodash/_setToString.js
- /mnt/c/codigos/pesquisarpp/habitoflow/node_modules/lodash/_baseRest.js
- /mnt/c/codigos/pesquisarpp/habitoflow/node_modules/lodash/_createAssigner.js
- /mnt/c/codigos/pesquisarpp/habitoflow/node_modules/lodash/assignInWith.js
- /mnt/c/codigos/pesquisarpp/habitoflow/node_modules/lodash/template.js
- /mnt/c/codigos/pesquisarpp/habitoflow/node_modules/html-webpack-plugin/lib/loader.js
- /mnt/c/codigos/pesquisarpp/habitoflow/node_modules/loader-runner/lib/loadLoader.js
- /mnt/c/codigos/pesquisarpp/habitoflow/node_modules/loader-runner/lib/LoaderRunner.js
- /mnt/c/codigos/pesquisarpp/habitoflow/node_modules/webpack/lib/NormalModuleFactory.js
- /mnt/c/codigos/pesquisarpp/habitoflow/node_modules/webpack/lib/Compiler.js
- /mnt/c/codigos/pesquisarpp/habitoflow/node_modules/webpack/lib/webpack.js
- /mnt/c/codigos/pesquisarpp/habitoflow/node_modules/webpack/lib/index.js
- /mnt/c/codigos/pesquisarpp/habitoflow/node_modules/webpack-cli/lib/webpack-cli.js
- /mnt/c/codigos/pesquisarpp/habitoflow/node_modules/webpack-cli/lib/bootstrap.js
- /mnt/c/codigos/pesquisarpp/habitoflow/node_modules/webpack-cli/bin/cli.js
- /mnt/c/codigos/pesquisarpp/habitoflow/node_modules/webpack/bin/webpack.js
    at Function._resolveFilename (node:internal/modules/cjs/loader:1401:15)
    at defaultResolveImpl (node:internal/modules/cjs/loader:1057:19)
    at resolveForCJSWithHooks (node:internal/modules/cjs/loader:1062:22)
    at Function._load (node:internal/modules/cjs/loader:1211:37)
    at TracingChannel.traceSync (node:diagnostics_channel:322:14)
    at wrapModuleLoad (node:internal/modules/cjs/loader:235:24)
    at Module.require (node:internal/modules/cjs/loader:1487:12)
    at require (node:internal/modules/helpers:135:16)
    at Object.<anonymous> (/mnt/c/codigos/pesquisarpp/habitoflow/node_modules/lodash/_setToString.js:2:16)
    at Module._compile (node:internal/modules/cjs/loader:1730:14)
ModuleBuildError: Module build failed (from ./node_modules/html-webpack-plugin/lib/loader.js):
Error: Cannot find module './_shortOut'
Require stack:
- /mnt/c/codigos/pesquisarpp/habitoflow/node_modules/lodash/_setToString.js
- /mnt/c/codigos/pesquisarpp/habitoflow/node_modules/lodash/_baseRest.js
- /mnt/c/codigos/pesquisarpp/habitoflow/node_modules/lodash/_createAssigner.js
- /mnt/c/codigos/pesquisarpp/habitoflow/node_modules/lodash/assignInWith.js
- /mnt/c/codigos/pesquisarpp/habitoflow/node_modules/lodash/template.js
- /mnt/c/codigos/pesquisarpp/habitoflow/node_modules/html-webpack-plugin/lib/loader.js
- /mnt/c/codigos/pesquisarpp/habitoflow/node_modules/loader-runner/lib/loadLoader.js
- /mnt/c/codigos/pesquisarpp/habitoflow/node_modules/loader-runner/lib/LoaderRunner.js
- /mnt/c/codigos/pesquisarpp/habitoflow/node_modules/webpack/lib/NormalModuleFactory.js
- /mnt/c/codigos/pesquisarpp/habitoflow/node_modules/webpack/lib/Compiler.js
- /mnt/c/codigos/pesquisarpp/habitoflow/node_modules/webpack/lib/webpack.js
- /mnt/c/codigos/pesquisarpp/habitoflow/node_modules/webpack/lib/index.js
- /mnt/c/codigos/pesquisarpp/habitoflow/node_modules/webpack-cli/lib/webpack-cli.js
- /mnt/c/codigos/pesquisarpp/habitoflow/node_modules/webpack-cli/lib/bootstrap.js
- /mnt/c/codigos/pesquisarpp/habitoflow/node_modules/webpack-cli/bin/cli.js
- /mnt/c/codigos/pesquisarpp/habitoflow/node_modules/webpack/bin/webpack.js
    at Function._resolveFilename (node:internal/modules/cjs/loader:1401:15)
    at defaultResolveImpl (node:internal/modules/cjs/loader:1057:19)
    at resolveForCJSWithHooks (node:internal/modules/cjs/loader:1062:22)
    at Function._load (node:internal/modules/cjs/loader:1211:37)
    at TracingChannel.traceSync (node:diagnostics_channel:322:14)
    at wrapModuleLoad (node:internal/modules/cjs/loader:235:24)
    at Module.require (node:internal/modules/cjs/loader:1487:12)
    at require (node:internal/modules/helpers:135:16)
    at Object.<anonymous> (/mnt/c/codigos/pesquisarpp/habitoflow/node_modules/lodash/_setToString.js:2:16)
    at Module._compile (node:internal/modules/cjs/loader:1730:14)
    at processResult (/mnt/c/codigos/pesquisarpp/habitoflow/node_modules/webpack/lib/NormalModule.js:936:19)
    at /mnt/c/codigos/pesquisarpp/habitoflow/node_modules/webpack/lib/NormalModule.js:1084:5
    at /mnt/c/codigos/pesquisarpp/habitoflow/node_modules/loader-runner/lib/LoaderRunner.js:400:11
    at /mnt/c/codigos/pesquisarpp/habitoflow/node_modules/loader-runner/lib/LoaderRunner.js:185:11
    at loadLoader (/mnt/c/codigos/pesquisarpp/habitoflow/node_modules/loader-runner/lib/loadLoader.js:33:11)
    at iteratePitchingLoaders (/mnt/c/codigos/pesquisarpp/habitoflow/node_modules/loader-runner/lib/LoaderRunner.js:182:2)
    at runLoaders (/mnt/c/codigos/pesquisarpp/habitoflow/node_modules/loader-runner/lib/LoaderRunner.js:398:2)
    at NormalModule._doBuild (/mnt/c/codigos/pesquisarpp/habitoflow/node_modules/webpack/lib/NormalModule.js:1013:3)
    at NormalModule.build (/mnt/c/codigos/pesquisarpp/habitoflow/node_modules/webpack/lib/NormalModule.js:1202:15)
    at /mnt/c/codigos/pesquisarpp/habitoflow/node_modules/webpack/lib/Compilation.js:1519:12

1 ERROR in child compilations (Use 'stats.children: true' resp. '--stats-children' for more details)

6 errors have detailed information that is not shown.
Use 'stats.errorDetails: true' resp. '--stats-error-details' to show it.

webpack 5.99.9 compiled with 10 errors in 32806 ms
assets by status 2.7 KiB [cached] 5 assets
assets by status 3.57 MiB [emitted]
  assets by path *.js 3.56 MiB
    asset bundle.js 3.56 MiB [emitted] (name: main)
    asset main.715a1d001e6b5f42dad5.hot-update.js 853 bytes [emitted] [immutable] [hmr] (name: main)
  asset index.html 11.3 KiB [emitted]
  asset main.715a1d001e6b5f42dad5.hot-update.json 28 bytes [emitted] [immutable] [hmr]
Entrypoint main 3.56 MiB (2.7 KiB) = bundle.js 3.56 MiB main.715a1d001e6b5f42dad5.hot-update.js 853 bytes 5 auxiliary assets
cached modules 2.74 MiB [cached] 523 modules
runtime modules 27.5 KiB 13 modules
javascript modules 57.1 KiB
  ./node_modules/react-native-swipe-list-view/components/SwipeListView.js 25.5 KiB [built] [1 error]
  ./node_modules/react-native-swipe-list-view/components/SwipeRow.js 31.5 KiB [built] [1 error]

ERROR in ./node_modules/react-native-swipe-list-view/components/SwipeListView.js 198:16
Module parse failed: Unexpected token (198:16)
You may need an appropriate loader to handle this file type, currently no loaders are configured to process this file. See https://webpack.js.org/concepts#loaders
|         } else {
|             return (
>                 <SwipeRow
|                     onSwipeValueChange={
|                         this.props.onSwipeValueChange
 @ ./node_modules/react-native-swipe-list-view/lib/index.js 1:0-56 4:0-35
 @ ./src/screens/HomeScreenV3.tsx 1:1971-2010
 @ ./src/navigation/AppNavigator.tsx 1:529-563
 @ ./App.tsx 1:982-1022
 @ ./index.web.js 1:209-225

ERROR in ./node_modules/react-native-swipe-list-view/components/SwipeRow.js 609:12
Module parse failed: Unexpected token (609:12)
You may need an appropriate loader to handle this file type, currently no loaders are configured to process this file. See https://webpack.js.org/concepts#loaders
| 
|         return (
>             <TouchableOpacity
|                 activeOpacity={1}
|                 onPress={this.combinedOnPress}
 @ ./node_modules/react-native-swipe-list-view/lib/index.js 2:0-46 4:0-35
 @ ./src/screens/HomeScreenV3.tsx 1:1971-2010
 @ ./src/navigation/AppNavigator.tsx 1:529-563
 @ ./App.tsx 1:982-1022
 @ ./index.web.js 1:209-225

ERROR in ./node_modules/@react-navigation/core/lib/module/useNavigationBuilder.js 24:0-72
Module not found: Error: Can't resolve './useIsomorphicLayoutEffect' in '/mnt/c/codigos/pesquisarpp/habitoflow/node_modules/@react-navigation/core/lib/module'
Did you mean 'useIsomorphicLayoutEffect.js'?
BREAKING CHANGE: The request './useIsomorphicLayoutEffect' failed to resolve only because it was resolved as fully specified
(probably because the origin is strict EcmaScript Module, e. g. a module with javascript mimetype, a '*.mjs' file, or a '*.js' file where the package.json contains '"type": "module"').
The extension in the request is mandatory for it to be fully specified.
Add the extension to the request.
 @ ./node_modules/@react-navigation/core/lib/module/index.js 27:0-65 27:0-65
 @ ./node_modules/@react-navigation/native/lib/module/index.js 18:0-39 18:0-39
 @ ./src/navigation/AppNavigator.tsx 1:230-265
 @ ./App.tsx 1:982-1022
 @ ./index.web.js 1:209-225

ERROR in ./node_modules/@react-navigation/core/lib/module/useScheduleUpdate.js 5:0-72
Module not found: Error: Can't resolve './useIsomorphicLayoutEffect' in '/mnt/c/codigos/pesquisarpp/habitoflow/node_modules/@react-navigation/core/lib/module'
Did you mean 'useIsomorphicLayoutEffect.js'?
BREAKING CHANGE: The request './useIsomorphicLayoutEffect' failed to resolve only because it was resolved as fully specified
(probably because the origin is strict EcmaScript Module, e. g. a module with javascript mimetype, a '*.mjs' file, or a '*.js' file where the package.json contains '"type": "module"').
The extension in the request is mandatory for it to be fully specified.
Add the extension to the request.
 @ ./node_modules/@react-navigation/core/lib/module/useNavigationBuilder.js 32:0-59 318:2-19
 @ ./node_modules/@react-navigation/core/lib/module/index.js 27:0-65 27:0-65
 @ ./node_modules/@react-navigation/native/lib/module/index.js 18:0-39 18:0-39
 @ ./src/navigation/AppNavigator.tsx 1:230-265
 @ ./App.tsx 1:982-1022
 @ ./index.web.js 1:209-225

ERROR in ./node_modules/@react-navigation/elements/lib/module/Header/HeaderBackButton.js 8:0-43
Module not found: Error: Can't resolve '../MaskedView' in '/mnt/c/codigos/pesquisarpp/habitoflow/node_modules/@react-navigation/elements/lib/module/Header'
Did you mean 'MaskedView.js'?
BREAKING CHANGE: The request '../MaskedView' failed to resolve only because it was resolved as fully specified
(probably because the origin is strict EcmaScript Module, e. g. a module with javascript mimetype, a '*.mjs' file, or a '*.js' file where the package.json contains '"type": "module"').
The extension in the request is mandatory for it to be fully specified.
Add the extension to the request.
 @ ./node_modules/@react-navigation/elements/lib/module/index.js 14:0-64 14:0-64
 @ ./node_modules/@react-navigation/bottom-tabs/lib/module/views/BottomTabBar.js 3:0-105 200:23-35 207:30-42 212:18-30 219:26-38 219:80-102 288:88-96 319:38-49
 @ ./node_modules/@react-navigation/bottom-tabs/lib/module/index.js 20:0-55 20:0-55
 @ ./src/navigation/AppNavigator.tsx 1:282-322
 @ ./App.tsx 1:982-1022
 @ ./index.web.js 1:209-225

ERROR in ./node_modules/@react-navigation/native/lib/module/NavigationContainer.js 11:0-48
Module not found: Error: Can't resolve './useBackButton' in '/mnt/c/codigos/pesquisarpp/habitoflow/node_modules/@react-navigation/native/lib/module'
Did you mean 'useBackButton.js'?
BREAKING CHANGE: The request './useBackButton' failed to resolve only because it was resolved as fully specified
(probably because the origin is strict EcmaScript Module, e. g. a module with javascript mimetype, a '*.mjs' file, or a '*.js' file where the package.json contains '"type": "module"').
The extension in the request is mandatory for it to be fully specified.
Add the extension to the request.
 @ ./node_modules/@react-navigation/native/lib/module/index.js 7:0-63 7:0-63
 @ ./src/navigation/AppNavigator.tsx 1:230-265
 @ ./App.tsx 1:982-1022
 @ ./index.web.js 1:209-225

ERROR in ./node_modules/@react-navigation/native/lib/module/NavigationContainer.js 12:0-54
Module not found: Error: Can't resolve './useDocumentTitle' in '/mnt/c/codigos/pesquisarpp/habitoflow/node_modules/@react-navigation/native/lib/module'
Did you mean 'useDocumentTitle.js'?
BREAKING CHANGE: The request './useDocumentTitle' failed to resolve only because it was resolved as fully specified
(probably because the origin is strict EcmaScript Module, e. g. a module with javascript mimetype, a '*.mjs' file, or a '*.js' file where the package.json contains '"type": "module"').
The extension in the request is mandatory for it to be fully specified.
Add the extension to the request.
 @ ./node_modules/@react-navigation/native/lib/module/index.js 7:0-63 7:0-63
 @ ./src/navigation/AppNavigator.tsx 1:230-265
 @ ./App.tsx 1:982-1022
 @ ./index.web.js 1:209-225

ERROR in ./node_modules/@react-navigation/native/lib/module/NavigationContainer.js 13:0-42
Module not found: Error: Can't resolve './useLinking' in '/mnt/c/codigos/pesquisarpp/habitoflow/node_modules/@react-navigation/native/lib/module'
Did you mean 'useLinking.js'?
BREAKING CHANGE: The request './useLinking' failed to resolve only because it was resolved as fully specified
(probably because the origin is strict EcmaScript Module, e. g. a module with javascript mimetype, a '*.mjs' file, or a '*.js' file where the package.json contains '"type": "module"').
The extension in the request is mandatory for it to be fully specified.
Add the extension to the request.
 @ ./node_modules/@react-navigation/native/lib/module/index.js 7:0-63 7:0-63
 @ ./src/navigation/AppNavigator.tsx 1:230-265
 @ ./App.tsx 1:982-1022
 @ ./index.web.js 1:209-225

ERROR in Child compilation failed:
Module build failed (from ./node_modules/html-webpack-plugin/lib/loader.js):
Error: Cannot find module './_shortOut'
Require stack:
- /mnt/c/codigos/pesquisarpp/habitoflow/node_modules/lodash/_setToString.js
- /mnt/c/codigos/pesquisarpp/habitoflow/node_modules/lodash/_baseRest.js
- /mnt/c/codigos/pesquisarpp/habitoflow/node_modules/lodash/_createAssigner.js
- /mnt/c/codigos/pesquisarpp/habitoflow/node_modules/lodash/assignInWith.js
- /mnt/c/codigos/pesquisarpp/habitoflow/node_modules/lodash/template.js
- /mnt/c/codigos/pesquisarpp/habitoflow/node_modules/html-webpack-plugin/lib/loader.js
- /mnt/c/codigos/pesquisarpp/habitoflow/node_modules/loader-runner/lib/loadLoader.js
- /mnt/c/codigos/pesquisarpp/habitoflow/node_modules/loader-runner/lib/LoaderRunner.js
- /mnt/c/codigos/pesquisarpp/habitoflow/node_modules/webpack/lib/NormalModuleFactory.js
- /mnt/c/codigos/pesquisarpp/habitoflow/node_modules/webpack/lib/Compiler.js
- /mnt/c/codigos/pesquisarpp/habitoflow/node_modules/webpack/lib/webpack.js
- /mnt/c/codigos/pesquisarpp/habitoflow/node_modules/webpack/lib/index.js
- /mnt/c/codigos/pesquisarpp/habitoflow/node_modules/webpack-cli/lib/webpack-cli.js
- /mnt/c/codigos/pesquisarpp/habitoflow/node_modules/webpack-cli/lib/bootstrap.js
- /mnt/c/codigos/pesquisarpp/habitoflow/node_modules/webpack-cli/bin/cli.js
- /mnt/c/codigos/pesquisarpp/habitoflow/node_modules/webpack/bin/webpack.js
    at Function._resolveFilename (node:internal/modules/cjs/loader:1401:15)
    at defaultResolveImpl (node:internal/modules/cjs/loader:1057:19)
    at resolveForCJSWithHooks (node:internal/modules/cjs/loader:1062:22)
    at Function._load (node:internal/modules/cjs/loader:1211:37)
    at TracingChannel.traceSync (node:diagnostics_channel:322:14)
    at wrapModuleLoad (node:internal/modules/cjs/loader:235:24)
    at Module.require (node:internal/modules/cjs/loader:1487:12)
    at require (node:internal/modules/helpers:135:16)
    at Object.<anonymous> (/mnt/c/codigos/pesquisarpp/habitoflow/node_modules/lodash/_setToString.js:2:16)
    at Module._compile (node:internal/modules/cjs/loader:1730:14)
    at Object..js (node:internal/modules/cjs/loader:1895:10)
    at Module.load (node:internal/modules/cjs/loader:1465:32)
    at Function._load (node:internal/modules/cjs/loader:1282:12)
    at TracingChannel.traceSync (node:diagnostics_channel:322:14)
    at wrapModuleLoad (node:internal/modules/cjs/loader:235:24)
    at Module.require (node:internal/modules/cjs/loader:1487:12)
    at require (node:internal/modules/helpers:135:16)
    at Object.<anonymous> (/mnt/c/codigos/pesquisarpp/habitoflow/node_modules/lodash/_baseRest.js:3:19)
    at Module._compile (node:internal/modules/cjs/loader:1730:14)
    at Object..js (node:internal/modules/cjs/loader:1895:10)
    at Module.load (node:internal/modules/cjs/loader:1465:32)
    at Function._load (node:internal/modules/cjs/loader:1282:12)
    at TracingChannel.traceSync (node:diagnostics_channel:322:14)
    at wrapModuleLoad (node:internal/modules/cjs/loader:235:24)
    at Module.require (node:internal/modules/cjs/loader:1487:12)
    at require (node:internal/modules/helpers:135:16)
    at Object.<anonymous> (/mnt/c/codigos/pesquisarpp/habitoflow/node_modules/lodash/_createAssigner.js:1:16)
    at Module._compile (node:internal/modules/cjs/loader:1730:14)
    at Object..js (node:internal/modules/cjs/loader:1895:10)
    at Module.load (node:internal/modules/cjs/loader:1465:32)
    at Function._load (node:internal/modules/cjs/loader:1282:12)
    at TracingChannel.traceSync (node:diagnostics_channel:322:14)
    at wrapModuleLoad (node:internal/modules/cjs/loader:235:24)
    at Module.require (node:internal/modules/cjs/loader:1487:12)
    at require (node:internal/modules/helpers:135:16)
    at Object.<anonymous> (/mnt/c/codigos/pesquisarpp/habitoflow/node_modules/lodash/assignInWith.js:2:22)
    at Module._compile (node:internal/modules/cjs/loader:1730:14)
    at Object..js (node:internal/modules/cjs/loader:1895:10)
    at Module.load (node:internal/modules/cjs/loader:1465:32)
    at Function._load (node:internal/modules/cjs/loader:1282:12)
    at TracingChannel.traceSync (node:diagnostics_channel:322:14)
    at wrapModuleLoad (node:internal/modules/cjs/loader:235:24)
    at Module.require (node:internal/modules/cjs/loader:1487:12)
    at require (node:internal/modules/helpers:135:16)
    at Object.<anonymous> (/mnt/c/codigos/pesquisarpp/habitoflow/node_modules/lodash/template.js:1:20)
    at Module._compile (node:internal/modules/cjs/loader:1730:14)
    at Object..js (node:internal/modules/cjs/loader:1895:10)
    at Module.load (node:internal/modules/cjs/loader:1465:32)
    at Function._load (node:internal/modules/cjs/loader:1282:12)
    at TracingChannel.traceSync (node:diagnostics_channel:322:14)
ModuleBuildError: Module build failed (from ./node_modules/html-webpack-plugin/lib/loader.js):
Error: Cannot find module './_shortOut'
Require stack:
- /mnt/c/codigos/pesquisarpp/habitoflow/node_modules/lodash/_setToString.js
- /mnt/c/codigos/pesquisarpp/habitoflow/node_modules/lodash/_baseRest.js
- /mnt/c/codigos/pesquisarpp/habitoflow/node_modules/lodash/_createAssigner.js
- /mnt/c/codigos/pesquisarpp/habitoflow/node_modules/lodash/assignInWith.js
- /mnt/c/codigos/pesquisarpp/habitoflow/node_modules/lodash/template.js
- /mnt/c/codigos/pesquisarpp/habitoflow/node_modules/html-webpack-plugin/lib/loader.js
- /mnt/c/codigos/pesquisarpp/habitoflow/node_modules/loader-runner/lib/loadLoader.js
- /mnt/c/codigos/pesquisarpp/habitoflow/node_modules/loader-runner/lib/LoaderRunner.js
- /mnt/c/codigos/pesquisarpp/habitoflow/node_modules/webpack/lib/NormalModuleFactory.js
- /mnt/c/codigos/pesquisarpp/habitoflow/node_modules/webpack/lib/Compiler.js
- /mnt/c/codigos/pesquisarpp/habitoflow/node_modules/webpack/lib/webpack.js
- /mnt/c/codigos/pesquisarpp/habitoflow/node_modules/webpack/lib/index.js
- /mnt/c/codigos/pesquisarpp/habitoflow/node_modules/webpack-cli/lib/webpack-cli.js
- /mnt/c/codigos/pesquisarpp/habitoflow/node_modules/webpack-cli/lib/bootstrap.js
- /mnt/c/codigos/pesquisarpp/habitoflow/node_modules/webpack-cli/bin/cli.js
- /mnt/c/codigos/pesquisarpp/habitoflow/node_modules/webpack/bin/webpack.js
    at Function._resolveFilename (node:internal/modules/cjs/loader:1401:15)
    at defaultResolveImpl (node:internal/modules/cjs/loader:1057:19)
    at resolveForCJSWithHooks (node:internal/modules/cjs/loader:1062:22)
    at Function._load (node:internal/modules/cjs/loader:1211:37)
    at TracingChannel.traceSync (node:diagnostics_channel:322:14)
    at wrapModuleLoad (node:internal/modules/cjs/loader:235:24)
    at Module.require (node:internal/modules/cjs/loader:1487:12)
    at require (node:internal/modules/helpers:135:16)
    at Object.<anonymous> (/mnt/c/codigos/pesquisarpp/habitoflow/node_modules/lodash/_setToString.js:2:16)
    at Module._compile (node:internal/modules/cjs/loader:1730:14)
    at Object..js (node:internal/modules/cjs/loader:1895:10)
    at Module.load (node:internal/modules/cjs/loader:1465:32)
    at Function._load (node:internal/modules/cjs/loader:1282:12)
    at TracingChannel.traceSync (node:diagnostics_channel:322:14)
    at wrapModuleLoad (node:internal/modules/cjs/loader:235:24)
    at Module.require (node:internal/modules/cjs/loader:1487:12)
    at require (node:internal/modules/helpers:135:16)
    at Object.<anonymous> (/mnt/c/codigos/pesquisarpp/habitoflow/node_modules/lodash/_baseRest.js:3:19)
    at Module._compile (node:internal/modules/cjs/loader:1730:14)
    at Object..js (node:internal/modules/cjs/loader:1895:10)
    at Module.load (node:internal/modules/cjs/loader:1465:32)
    at Function._load (node:internal/modules/cjs/loader:1282:12)
    at TracingChannel.traceSync (node:diagnostics_channel:322:14)
    at wrapModuleLoad (node:internal/modules/cjs/loader:235:24)
    at Module.require (node:internal/modules/cjs/loader:1487:12)
    at require (node:internal/modules/helpers:135:16)
    at Object.<anonymous> (/mnt/c/codigos/pesquisarpp/habitoflow/node_modules/lodash/_createAssigner.js:1:16)
    at Module._compile (node:internal/modules/cjs/loader:1730:14)
    at Object..js (node:internal/modules/cjs/loader:1895:10)
    at Module.load (node:internal/modules/cjs/loader:1465:32)
    at Function._load (node:internal/modules/cjs/loader:1282:12)
    at TracingChannel.traceSync (node:diagnostics_channel:322:14)
    at wrapModuleLoad (node:internal/modules/cjs/loader:235:24)
    at Module.require (node:internal/modules/cjs/loader:1487:12)
    at require (node:internal/modules/helpers:135:16)
    at Object.<anonymous> (/mnt/c/codigos/pesquisarpp/habitoflow/node_modules/lodash/assignInWith.js:2:22)
    at Module._compile (node:internal/modules/cjs/loader:1730:14)
    at Object..js (node:internal/modules/cjs/loader:1895:10)
    at Module.load (node:internal/modules/cjs/loader:1465:32)
    at Function._load (node:internal/modules/cjs/loader:1282:12)
    at TracingChannel.traceSync (node:diagnostics_channel:322:14)
    at wrapModuleLoad (node:internal/modules/cjs/loader:235:24)
    at Module.require (node:internal/modules/cjs/loader:1487:12)
    at require (node:internal/modules/helpers:135:16)
    at Object.<anonymous> (/mnt/c/codigos/pesquisarpp/habitoflow/node_modules/lodash/template.js:1:20)
    at Module._compile (node:internal/modules/cjs/loader:1730:14)
    at Object..js (node:internal/modules/cjs/loader:1895:10)
    at Module.load (node:internal/modules/cjs/loader:1465:32)
    at Function._load (node:internal/modules/cjs/loader:1282:12)
    at TracingChannel.traceSync (node:diagnostics_channel:322:14)
    at processResult (/mnt/c/codigos/pesquisarpp/habitoflow/node_modules/webpack/lib/NormalModule.js:936:19)
    at /mnt/c/codigos/pesquisarpp/habitoflow/node_modules/webpack/lib/NormalModule.js:1084:5
    at /mnt/c/codigos/pesquisarpp/habitoflow/node_modules/loader-runner/lib/LoaderRunner.js:400:11
    at /mnt/c/codigos/pesquisarpp/habitoflow/node_modules/loader-runner/lib/LoaderRunner.js:185:11
    at loadLoader (/mnt/c/codigos/pesquisarpp/habitoflow/node_modules/loader-runner/lib/loadLoader.js:33:11)
    at iteratePitchingLoaders (/mnt/c/codigos/pesquisarpp/habitoflow/node_modules/loader-runner/lib/LoaderRunner.js:182:2)
    at runLoaders (/mnt/c/codigos/pesquisarpp/habitoflow/node_modules/loader-runner/lib/LoaderRunner.js:398:2)
    at NormalModule._doBuild (/mnt/c/codigos/pesquisarpp/habitoflow/node_modules/webpack/lib/NormalModule.js:1013:3)
    at NormalModule.build (/mnt/c/codigos/pesquisarpp/habitoflow/node_modules/webpack/lib/NormalModule.js:1202:15)
    at /mnt/c/codigos/pesquisarpp/habitoflow/node_modules/webpack/lib/Compilation.js:1519:12
    at NormalModule.needBuild (/mnt/c/codigos/pesquisarpp/habitoflow/node_modules/webpack/lib/NormalModule.js:1546:26)
    at Compilation._buildModule (/mnt/c/codigos/pesquisarpp/habitoflow/node_modules/webpack/lib/Compilation.js:1500:10)
    at /mnt/c/codigos/pesquisarpp/habitoflow/node_modules/webpack/lib/util/AsyncQueue.js:340:10
    at Hook.eval [as callAsync] (eval at create (/mnt/c/codigos/pesquisarpp/habitoflow/node_modules/tapable/lib/HookCodeFactory.js:33:10), <anonymous>:6:1)
    at AsyncQueue._startProcessing (/mnt/c/codigos/pesquisarpp/habitoflow/node_modules/webpack/lib/util/AsyncQueue.js:330:26)
    at AsyncQueue._ensureProcessing (/mnt/c/codigos/pesquisarpp/habitoflow/node_modules/webpack/lib/util/AsyncQueue.js:317:12)
    at process.processImmediate (node:internal/timers:485:21)

1 ERROR in child compilations (Use 'stats.children: true' resp. '--stats-children' for more details)

6 errors have detailed information that is not shown.
Use 'stats.errorDetails: true' resp. '--stats-error-details' to show it.

webpack 5.99.9 compiled with 10 errors in 442 ms
Error: Can't set headers after they are sent.
    at SendStream.headersAlreadySent (/mnt/c/codigos/pesquisarpp/habitoflow/node_modules/send/index.js:386:13)
    at SendStream.send (/mnt/c/codigos/pesquisarpp/habitoflow/node_modules/send/index.js:612:10)
    at /mnt/c/codigos/pesquisarpp/habitoflow/node_modules/send/index.js:769:12
    at FSReqCallback.oncomplete (node:fs:199:5)
Terminated
Error: Can't set headers after they are sent.
    at SendStream.headersAlreadySent (/mnt/c/codigos/pesquisarpp/habitoflow/node_modules/send/index.js:386:13)
    at SendStream.send (/mnt/c/codigos/pesquisarpp/habitoflow/node_modules/send/index.js:612:10)
    at /mnt/c/codigos/pesquisarpp/habitoflow/node_modules/send/index.js:769:12
    at FSReqCallback.oncomplete (node:fs:199:5)
