
> HabitoFlow@0.0.1 dev
> npm run web


> HabitoFlow@0.0.1 web
> webpack serve --config webpack.config.js

/mnt/c/codigos/pesquisarpp/habitoflow/node_modules/webpack-dev-server/lib/Server.js:2638
        throw error;
        ^

Error: listen EADDRINUSE: address already in use :::8080
    at Server.setupListenHandle [as _listen2] (node:net:1939:16)
    at listenInCluster (node:net:1996:12)
    at Server.listen (node:net:2101:7)
    at READ_WRITE (/mnt/c/codigos/pesquisarpp/habitoflow/node_modules/webpack-dev-server/lib/Server.js:3460:23)
    at new Promise (<anonymous>)
    at Server.start (/mnt/c/codigos/pesquisarpp/habitoflow/node_modules/webpack-dev-server/lib/Server.js:3458:7)
    at async Command.<anonymous> (/mnt/c/codigos/pesquisarpp/habitoflow/node_modules/@webpack-cli/serve/lib/index.js:161:21)
    at async Command.parseAsync (/mnt/c/codigos/pesquisarpp/habitoflow/node_modules/webpack-cli/node_modules/commander/lib/command.js:1092:5)
    at async Command.<anonymous> (/mnt/c/codigos/pesquisarpp/habitoflow/node_modules/webpack-cli/lib/webpack-cli.js:1340:13)
    at async Command.parseAsync (/mnt/c/codigos/pesquisarpp/habitoflow/node_modules/webpack-cli/node_modules/commander/lib/command.js:1092:5) {
  code: 'EADDRINUSE',
  errno: -98,
  syscall: 'listen',
  address: '::',
  port: 8080
}

Node.js v22.16.0
